###############################################################################
#
# IAR ELF Linker V8.20.2.14835/W32 for ARM                07/Dec/2019  09:03:19
# Copyright 2007-2017 IAR Systems AB.
#
#    Output file  =  
#        C:\Users\Студент-06\Documents\stm32Labs-master\Lab4\Debug\Exe\lab4.out
#    Map file     =  
#        C:\Users\Студент-06\Documents\stm32Labs-master\Lab4\Debug\List\lab4.map
#    Command line =  
#        -f C:\Users\-06~1\AppData\Local\Temp\EW6A8E.tmp
#        (C:\Users\Студент-06\Documents\stm32Labs-master\Lab4\Debug\Obj\main.o
#        C:\Users\Студент-06\Documents\stm32Labs-master\Lab4\Debug\Obj\startup.o
#        -o
#        C:\Users\Студент-06\Documents\stm32Labs-master\Lab4\Debug\Exe\lab4.out
#        --map
#        C:\Users\Студент-06\Documents\stm32Labs-master\Lab4\Debug\List\lab4.map
#        --config "C:\Program Files (x86)\IAR Systems\Embedded Workbench
#        8.0_3\arm\config\linker\ST\stm32f411xE.icf" --semihosting --entry
#        __iar_program_start --vfe --text_out locale)
#
###############################################################################

*******************************************************************************
*** RUNTIME MODEL ATTRIBUTES
***

CppFlavor        = *
__CPP_Exceptions = Disabled
__CPP_Language   = C++14
__SystemLibrary  = DLib
__dlib_version   = 6


*******************************************************************************
*** HEAP SELECTION
***

The basic heap was selected because no calls to memory allocation
functions were found in the application outside of system library
functions, and there are calls to deallocation functions in the
application.


*******************************************************************************
*** PLACEMENT SUMMARY
***

"A0":  place at 0x08000000 { ro section .intvec };
"P1":  place in [from 0x08000000 to 0x0807ffff] { ro };
define block CSTACK with size = 8K, alignment = 8 { };
define block HEAP with size = 8K, alignment = 8 { };
"P2":  place in [from 0x20000000 to 0x2001ffff] {
          rw, block CSTACK, block HEAP };

No sections matched the following patterns:

  rw  in "P2"


  Section   Kind        Address    Size  Object
  -------   ----        -------    ----  ------
"A0":                              0xbc
  .intvec   const    0x08000000    0xbc  startup.o [1]
                   - 0x080000bc    0xbc

"P1":                             0x244
  .text     ro code  0x080000bc    0x5c  main.o [1]
  .text     ro code  0x08000118    0x18  main.o [1]
  .text     ro code  0x08000130    0x10  main.o [1]
  .text     ro code  0x08000140    0x18  main.o [1]
  .text     ro code  0x08000158    0x1c  main.o [1]
  .text     ro code  0x08000174    0x18  main.o [1]
  .text     ro code  0x0800018c    0x18  main.o [1]
  .text     ro code  0x080001a4    0x18  main.o [1]
  .text     ro code  0x080001bc    0x20  main.o [1]
  .text     ro code  0x080001dc     0xc  main.o [1]
  .text     ro code  0x080001e8     0xc  main.o [1]
  .text     ro code  0x080001f4    0x18  main.o [1]
  .text     ro code  0x0800020c     0xc  main.o [1]
  .text     ro code  0x08000218    0x14  startup.o [1]
  .text     ro code  0x0800022c     0xc  main.o [1]
  .text     ro code  0x08000238    0x16  main.o [1]
  .text     ro code  0x0800024e     0x2  startup.o [1]
  .text     ro code  0x08000250    0x22  fpinit_M.o [4]
  .rodata   const    0x08000272     0x1  unwind_debug.o [6]
  .text     ro code  0x08000274    0x1e  cmain.o [5]
  .text     ro code  0x08000292     0x4  exit.o [3]
  .text     ro code  0x08000298     0xa  cexit.o [5]
  .text     ro code  0x080002a4    0x14  exit.o [6]
  .text     ro code  0x080002b8    0x18  startup.o [1]
  .text     ro code  0x080002d0    0x10  startup.o [1]
  .text     ro code  0x080002e0    0x10  startup.o [1]
  .text     ro code  0x080002f0    0x10  startup.o [1]
                   - 0x08000300   0x244

"P2":                            0x2000
  CSTACK             0x20000000  0x2000  <Block>
    CSTACK  uninit   0x20000000  0x2000  <Block tail>
                   - 0x20002000  0x2000



*******************************************************************************
*** MODULE SUMMARY
***

    Module          ro code  ro data  rw data
    ------          -------  -------  -------
C:\Users\Студент-06\Documents\stm32Labs-master\Lab4\Debug\Obj: [1]
    main.o              382
    startup.o            94      188
    -----------------------------------------
    Total:              476      188

command line: [2]
    -----------------------------------------
    Total:

dl7M_tln.a: [3]
    exit.o                4
    -----------------------------------------
    Total:                4

m7M_tls.a: [4]
    fpinit_M.o           34
    -----------------------------------------
    Total:               34

rt7M_tl.a: [5]
    cexit.o              10
    cmain.o              30
    -----------------------------------------
    Total:               40

shb_l.a: [6]
    exit.o               20
    unwind_debug.o                 1
    -----------------------------------------
    Total:               20        1

    Gaps                  5
    Linker created                      8 192
---------------------------------------------
    Grand Total:        579      189    8 192


*******************************************************************************
*** ENTRY LIST
***

Entry                      Address  Size  Type      Object
-----                      -------  ----  ----      ------
?main                   0x08000275        Code  Gb  cmain.o [5]
CSTACK$$Base            0x20000000         --   Gb  - Linker created -
CSTACK$$Limit           0x20002000         --   Gb  - Linker created -
InterruptHandler::DummyHandler()
                        0x0800024f   0x2  Code  Gb  startup.o [1]
InterruptHandler::Timer2Handler()
                        0x080002b9  0x18  Code  Gb  startup.o [1]
Region$$Table$$Base     0x00000000         --   Gb  - Linker created -
Region$$Table$$Limit    0x00000000         --   Gb  - Linker created -
__cmain                 0x08000275        Code  Gb  cmain.o [5]
__exit                  0x080002a5  0x14  Code  Gb  exit.o [6]
__iar_debug_exceptions  0x08000272   0x1  Data  Gb  unwind_debug.o [6]
__iar_init_vfp          0x08000251        Code  Gb  fpinit_M.o [4]
__iar_program_start     0x080002f1  0x10  Code  Gb  startup.o [1]
__iar_systems$$module {Abs}
                        0x00000001        Data  Gb  command line/config [2]
__low_level_init        0x080000bd  0x42  Code  Gb  main.o [1]
__vector_table          0x08000000  0xbc  Data  Lc  startup.o [1]
_call_main              0x08000281        Code  Gb  cmain.o [5]
_exit                   0x08000299        Code  Gb  cexit.o [5]
_main                   0x0800028f        Code  Gb  cmain.o [5]
bool FieldValueBase<RCC_CFGR_SWS_Values<RCC::CFGR, (unsigned int)2, (unsigned int)2, ReadMode, RCC::RCCCFGRBase>, RCC::RCCCFGRBase, (unsigned int)1>::IsSet<ReadMode, void>()
                        0x08000159  0x1c  Code  Gb  main.o [1]
bool FieldValueBase<RCC_CR_HSERDY_Values<RCC::CR, (unsigned int)17, (unsigned int)1, ReadMode, RCC::RCCCRBase>, RCC::RCCCRBase, (unsigned int)1>::IsSet<ReadMode, void>()
                        0x08000131  0x10  Code  Gb  main.o [1]
bool FieldValueBase<TIM2_SR_UIF_Values<TIM2::SR, (unsigned int)0, (unsigned int)1, ReadWriteMode, TIM2::TIM2SRBase>, TIM2::TIM2SRBase, (unsigned int)1>::IsSet<ReadWriteMode, void>()
                        0x080002d1  0x10  Code  Gb  startup.o [1]
exit                    0x08000293   0x4  Code  Gb  exit.o [3]
main                    0x080000ff  0x1a  Code  Gb  main.o [1]
void FieldValueBase<GPIOA_MODER_MODER15_Values<GPIOA::MODER, (unsigned int)10, (unsigned int)2, ReadWriteMode, GPIOA::GPIOAMODERBase>, GPIOA::GPIOAMODERBase, (unsigned int)1>::Set<ReadWriteMode, void>()
                        0x080001a5  0x18  Code  Gb  main.o [1]
void FieldValueBase<RCC_CFGR_SW_Values<RCC::CFGR, (unsigned int)0, (unsigned int)2, ReadWriteMode, RCC::RCCCFGRBase>, RCC::RCCCFGRBase, (unsigned int)1>::Set<ReadWriteMode, void>()
                        0x08000141  0x18  Code  Gb  main.o [1]
void FieldValueBase<RCC_CR_HSEON_Values<RCC::CR, (unsigned int)16, (unsigned int)1, ReadWriteMode, RCC::RCCCRBase>, RCC::RCCCRBase, (unsigned int)1>::Set<ReadWriteMode, void>()
                        0x08000119  0x18  Code  Gb  main.o [1]
void FieldValueBase<TIM2_CR1_CEN_Values<TIM2::CR1, (unsigned int)0, (unsigned int)1, ReadWriteMode, TIM2::TIM2CR1Base>, TIM2::TIM2CR1Base, (unsigned int)1>::Set<ReadWriteMode, void>()
                        0x08000239  0x16  Code  Gb  main.o [1]
void FieldValueBase<TIM2_DIER_UIE_Values<TIM2::DIER, (unsigned int)0, (unsigned int)1, ReadWriteMode, TIM2::TIM2DIERBase>, TIM2::TIM2DIERBase, (unsigned int)1>::Set<ReadWriteMode, void>()
                        0x080001f5  0x18  Code  Gb  main.o [1]
void FieldValueBase<TIM2_SR_UIF_Values<TIM2::SR, (unsigned int)0, (unsigned int)1, ReadWriteMode, TIM2::TIM2SRBase>, TIM2::TIM2SRBase, (unsigned int)0>::Set<ReadWriteMode, void>()
                        0x08000219  0x14  Code  Gb  startup.o [1]
void Register<(unsigned int)1073874944, (unsigned int)32, ReadWriteMode, GPIOC::GPIOCMODERBase, FieldValue<GPIOC_MODER_MODER15_Values<GPIOC::MODER, (unsigned int)10, (unsigned int)2, ReadWriteMode, GPIOC::GPIOCMODERBase>, GPIOC::GPIOCMODERBase, (unsigned int)1>, FieldValue<GPIOC_MODER_MODER15_Values<GPIOC::MODER, (unsigned int)16, (unsigned int)2, ReadWriteMode, GPIOC::GPIOCMODERBase>, GPIOC::GPIOCMODERBase, (unsigned int)1>, FieldValue<GPIOC_MODER_MODER15_Values<GPIOC::MODER, (unsigned int)18, (unsigned int)2, ReadWriteMode, GPIOC::GPIOCMODERBase>, GPIOC::GPIOCMODERBase, (unsigned int)1>>::Set<ReadWriteMode, void>()
                        0x080001bd  0x20  Code  Gb  main.o [1]
void Register<(unsigned int)1073887280, (unsigned int)32, ReadWriteMode, RCC::RCCAHB1ENRBase, FieldValue<RCC_AHB1ENR_DMA2EN_Values<RCC::AHB1ENR, (unsigned int)2, (unsigned int)1, ReadWriteMode, RCC::RCCAHB1ENRBase>, RCC::RCCAHB1ENRBase, (unsigned int)1>, FieldValue<RCC_AHB1ENR_DMA2EN_Values<RCC::AHB1ENR, (unsigned int)0, (unsigned int)1, ReadWriteMode, RCC::RCCAHB1ENRBase>, RCC::RCCAHB1ENRBase, (unsigned int)1>>::Set<ReadWriteMode, void>()
                        0x08000175  0x18  Code  Gb  main.o [1]
void Register<(unsigned int)1073887296, (unsigned int)32, ReadWriteMode, RCC::RCCAPB1ENRBase, FieldValue<RCC_AHB1ENR_DMA2EN_Values<RCC::APB1ENR, (unsigned int)0, (unsigned int)1, ReadWriteMode, RCC::RCCAPB1ENRBase>, RCC::RCCAPB1ENRBase, (unsigned int)1>>::Set<ReadWriteMode, void>()
                        0x0800018d  0x18  Code  Gb  main.o [1]
void RegisterBase<(unsigned int)1073741860, (unsigned int)32, ReadWriteMode>::Write<ReadWriteMode, void>(unsigned int)
                        0x0800022d   0xc  Code  Gb  main.o [1]
void RegisterBase<(unsigned int)1073741864, (unsigned int)32, ReadWriteMode>::Write<ReadWriteMode, void>(unsigned int)
                        0x080001e9   0xc  Code  Gb  main.o [1]
void RegisterBase<(unsigned int)1073741868, (unsigned int)32, ReadWriteMode>::Write<ReadWriteMode, void>(unsigned int)
                        0x0800020d   0xc  Code  Gb  main.o [1]
void RegisterBase<(unsigned int)1073874964, (unsigned int)32, ReadWriteMode>::Toggle<ReadWriteMode, void>(unsigned int)
                        0x080002e1  0x10  Code  Gb  startup.o [1]
void RegisterBase<(unsigned int)3758153984, (unsigned int)32, ReadWriteMode>::Write<ReadWriteMode, void>(unsigned int)
                        0x080001dd   0xc  Code  Gb  main.o [1]


[1] = C:\Users\Студент-06\Documents\stm32Labs-master\Lab4\Debug\Obj
[2] = command line
[3] = dl7M_tln.a
[4] = m7M_tls.a
[5] = rt7M_tl.a
[6] = shb_l.a

    579 bytes of readonly  code memory
    189 bytes of readonly  data memory
  8 192 bytes of readwrite data memory

Errors: none
Warnings: none
